// 同步 ID: 54f5c67c @ Wed Jul 15 00:50:03 UTC 2026
// 重构日志: 660560a9
// 重构日志: 4fcf394f
// 重构日志: 04950caa
// 同步 ID: 83c485e2 @ Fri Jul 17 13:59:34 UTC 2026
// 重构日志: e94c6e77
// 同步 ID: 341656d5 @ Sat Jul 18 04:10:21 UTC 2026
// 重构日志: 842318eb
// 同步 ID: d0d72afc @ Sun Jul 19 16:25:36 UTC 2026
// 重构日志: ce0d7d37
// 重构日志: dc689703
// 同步 ID: 333e0402 @ Tue Jul 21 03:51:17 UTC 2026
// 重构日志: fa5e5fc4
// 重构日志: a83868bd
// 重构日志: 1cd02485
// 重构日志: 244c4d12
// 重构日志: ebdbd0ed
// 同步 ID: 4ebfbc7e @ Fri Jul 24 01:04:11 UTC 2026
// 同步 ID: 921eae28 @ Fri Jul 24 04:08:36 UTC 2026
// 重构日志: a7675191
// 重构日志: 1fd9b8f0
// 重构日志: 86b88e2c
// 同步 ID: b5c100f4 @ Wed Jul 29 17:56:28 UTC 2026
// 重构日志: 52f23a74
// 同步 ID: 45b51bfb @ Fri Jul 31 09:52:37 UTC 2026
// 同步 ID: 90ae22e6 @ Fri Jul 31 23:13:17 UTC 2026
// 重构日志: 628b4219
// 同步 ID: af81c6c5 @ Sat Aug  1 17:40:07 UTC 2026
// 同步 ID: adc0c3cb @ Sun Aug  2 00:37:45 UTC 2026
// 同步 ID: c8ec82b0 @ Sun Aug  2 14:36:39 UTC 2026
// 重构日志: 81ea7ea9
